

	..........::::::::::: Bosch Proxy4Server Access :::::::::::..........


	proxy_on  - activates the Bosch Proxy4Server for the current session.

	proxy_off - deactivates the Bosch Proxy4Server.


	..............................................................




	..........::::::::::: Bosch Proxy4Server Access :::::::::::..........


	proxy_on  - activates the Bosch Proxy4Server for the current session.

	proxy_off - deactivates the Bosch Proxy4Server.


	..............................................................


/home/che5pi/.conda/envs/iws/lib/python3.11/site-packages/hydra/_internal/defaults_list.py:251: UserWarning: In 'config': Defaults list is missing `_self_`. See https://hydra.cc/docs/1.2/upgrades/1.0_to_1.1/default_composition_order for more information
  warnings.warn(msg, UserWarning)
wandb: Using wandb-core as the SDK backend. Please refer to https://wandb.me/wandb-core for more information.
wandb: WARNING `resume` will be ignored since W&B syncing is set to `offline`. Starting a new run with run id u4jptqyy.
wandb: Tracking run with wandb version 0.18.0
wandb: W&B syncing is set to `offline` in this directory.  
wandb: Run `wandb online` or set WANDB_MODE=online to enable cloud syncing.
LOCAL_RANK: 0 - CUDA_VISIBLE_DEVICES: [0]
/home/che5pi/.conda/envs/iws/lib/python3.11/site-packages/lightning/pytorch/loops/fit_loop.py:534: Found 510 module(s) in eval mode at the start of training. This may lead to unexpected behavior during training. If this is intentional, you can ignore this warning.
/home/che5pi/.conda/envs/iws/lib/python3.11/site-packages/imageio_ffmpeg/_utils.py:5: UserWarning: pkg_resources is deprecated as an API. See https://setuptools.pypa.io/en/latest/pkg_resources.html. The pkg_resources package is slated for removal as early as 2025-11-30. Refrain from using this package or pin to Setuptools<81.
  from pkg_resources import resource_filename
Failed to create secure directory (/run/user/106081/pulse): No such file or directory
ALSA lib dlmisc.c:339:(snd_dlobj_cache_get0) [error.core] Cannot open shared library libasound_module_pcm_pipewire.so (/home/che5pi/.conda/envs/iws/lib/alsa-lib/libasound_module_pcm_pipewire.so: cannot open shared object file: No such file or directory)
Failed to create secure directory (/run/user/106081/pulse): No such file or directory
ALSA lib dlmisc.c:339:(snd_dlobj_cache_get0) [error.core] Cannot open shared library libasound_module_pcm_pipewire.so (/home/che5pi/.conda/envs/iws/lib/alsa-lib/libasound_module_pcm_pipewire.so: cannot open shared object file: No such file or directory)
Error executing job with overrides: ['+name=robosuite_lift_stage_2', 'algorithm=latent_world_model', 'experiment=exp_latent_dyn', 'dataset=sim_robosuite_dataset', 'dataset.dataset_dir=/fs/scratch/rb_bd_dlp_rng-dl01_cr_AIQ_employees/aiq103/iws/data/robosuite/lift', 'dataset.horizon=10', 'dataset.val_horizon=150', 'experiment.training.batch_size=4', 'experiment.training.max_steps=1000005', 'experiment.training.log_every_n_steps=100', 'experiment.validation.limit_batch=1.0', 'experiment.validation.batch_size=2', 'experiment.validation.val_every_n_step=10000', 'experiment.training.checkpointing.every_n_train_steps=10000', 'experiment.training.data.num_workers=4', 'experiment.validation.data.num_workers=4', 'algorithm.latent_dim=512', 'algorithm.action_dim=4', 'algorithm.noise_scheduler.loss_weighting=uniform', 'algorithm.sampling_strategy=terminal_only', 'algorithm.dyn_infer_steps=3', "algorithm.load_ae='outputs/2026-05-18/20-48-04/checkpoints/epoch=32-step=140000.ckpt'", 'algorithm.training_stage=2']
Traceback (most recent call last):
  File "/home/che5pi/interactive_world_sim/main.py", line 227, in run
    run_local(cfg)
  File "/home/che5pi/interactive_world_sim/main.py", line 112, in run_local
    experiment.exec_task(task)
  File "/home/che5pi/interactive_world_sim/interactive_world_sim/experiments/exp_base.py", line 96, in exec_task
    getattr(self, task)()
  File "/home/che5pi/interactive_world_sim/interactive_world_sim/experiments/exp_base.py", line 237, in training
    trainer.fit(
  File "/home/che5pi/.conda/envs/iws/lib/python3.11/site-packages/lightning/pytorch/trainer/trainer.py", line 584, in fit
    call._call_and_handle_interrupt(
  File "/home/che5pi/.conda/envs/iws/lib/python3.11/site-packages/lightning/pytorch/trainer/call.py", line 49, in _call_and_handle_interrupt
    return trainer_fn(*args, **kwargs)
           ^^^^^^^^^^^^^^^^^^^^^^^^^^^
  File "/home/che5pi/.conda/envs/iws/lib/python3.11/site-packages/lightning/pytorch/trainer/trainer.py", line 630, in _fit_impl
    self._run(model, ckpt_path=ckpt_path, weights_only=weights_only)
  File "/home/che5pi/.conda/envs/iws/lib/python3.11/site-packages/lightning/pytorch/trainer/trainer.py", line 1079, in _run
    results = self._run_stage()
              ^^^^^^^^^^^^^^^^^
  File "/home/che5pi/.conda/envs/iws/lib/python3.11/site-packages/lightning/pytorch/trainer/trainer.py", line 1123, in _run_stage
    self.fit_loop.run()
  File "/home/che5pi/.conda/envs/iws/lib/python3.11/site-packages/lightning/pytorch/loops/fit_loop.py", line 217, in run
    self.advance()
  File "/home/che5pi/.conda/envs/iws/lib/python3.11/site-packages/lightning/pytorch/loops/fit_loop.py", line 465, in advance
    self.epoch_loop.run(self._data_fetcher)
  File "/home/che5pi/.conda/envs/iws/lib/python3.11/site-packages/lightning/pytorch/loops/training_epoch_loop.py", line 154, in run
    self.on_advance_end(data_fetcher)
  File "/home/che5pi/.conda/envs/iws/lib/python3.11/site-packages/lightning/pytorch/loops/training_epoch_loop.py", line 406, in on_advance_end
    self.val_loop.run()
  File "/home/che5pi/.conda/envs/iws/lib/python3.11/site-packages/lightning/pytorch/loops/utilities.py", line 179, in _decorator
    return loop_run(self, *args, **kwargs)
           ^^^^^^^^^^^^^^^^^^^^^^^^^^^^^^^
  File "/home/che5pi/.conda/envs/iws/lib/python3.11/site-packages/lightning/pytorch/loops/evaluation_loop.py", line 153, in run
    return self.on_run_end()
           ^^^^^^^^^^^^^^^^^
  File "/home/che5pi/.conda/envs/iws/lib/python3.11/site-packages/lightning/pytorch/loops/evaluation_loop.py", line 296, in on_run_end
    self._on_evaluation_epoch_end()
  File "/home/che5pi/.conda/envs/iws/lib/python3.11/site-packages/lightning/pytorch/loops/evaluation_loop.py", line 379, in _on_evaluation_epoch_end
    call._call_lightning_module_hook(trainer, hook_name)
  File "/home/che5pi/.conda/envs/iws/lib/python3.11/site-packages/lightning/pytorch/trainer/call.py", line 177, in _call_lightning_module_hook
    output = fn(*args, **kwargs)
             ^^^^^^^^^^^^^^^^^^^
  File "/home/che5pi/interactive_world_sim/interactive_world_sim/algorithms/latent_dynamics/latent_world_model.py", line 765, in on_validation_epoch_end
    metric_dict = get_validation_metrics_for_videos(
                  ^^^^^^^^^^^^^^^^^^^^^^^^^^^^^^^^^^
  File "/home/che5pi/interactive_world_sim/interactive_world_sim/utils/logging_utils.py", line 134, in get_validation_metrics_for_videos
    output_dict["fvd"] = fvd_model.compute(
                         ^^^^^^^^^^^^^^^^^^
  File "/home/che5pi/.conda/envs/iws/lib/python3.11/site-packages/torch/utils/_contextlib.py", line 116, in decorate_context
    return func(*args, **kwargs)
           ^^^^^^^^^^^^^^^^^^^^^
  File "/home/che5pi/interactive_world_sim/interactive_world_sim/algorithms/common/metrics/fvd.py", line 182, in compute
    self.detector(
  File "/home/che5pi/.conda/envs/iws/lib/python3.11/site-packages/torch/nn/modules/module.py", line 1751, in _wrapped_call_impl
    return self._call_impl(*args, **kwargs)
           ^^^^^^^^^^^^^^^^^^^^^^^^^^^^^^^^
  File "/home/che5pi/.conda/envs/iws/lib/python3.11/site-packages/torch/nn/modules/module.py", line 1762, in _call_impl
    return forward_call(*args, **kwargs)
           ^^^^^^^^^^^^^^^^^^^^^^^^^^^^^
RuntimeError: The following operation failed in the TorchScript interpreter.
Traceback of TorchScript, serialized code (most recent call last):
  File "code/__torch__/src/i3dpt_jit.py", line 46, in forward
    else:
      x2 = x0
    out = (self.conv3d_1a_7x7).forward(x2, )
           ~~~~~~~~~~~~~~~~~~~~~~~~~~~ <--- HERE
    out0 = (self.maxPool3d_2a_3x3).forward(out, )
    out1 = (self.conv3d_2b_1x1).forward(out0, )
  File "code/__torch__/src/i3dpt_jit.py", line 109, in forward
    else:
      inp0 = inp
    out = (self.conv3d).forward(inp0, )
           ~~~~~~~~~~~~~~~~~~~~ <--- HERE
    if self.use_bn:
      out22 = (self.batch3d).forward(out, )
  File "code/__torch__/torch/nn/modules/conv.py", line 20, in forward
  def forward(self: __torch__.torch.nn.modules.conv.Conv3d,
    input: Tensor) -> Tensor:
    _0 = torch.conv3d(input, self.weight, self.bias, [2, 2, 2], [0, 0, 0], [1, 1, 1], 1)
         ~~~~~~~~~~~~ <--- HERE
    return _0

Traceback of TorchScript, original code (most recent call last):
  File "/home/skoroki/video-sg/env/lib/python3.8/site-packages/torch/nn/modules/conv.py", line 572, in forward
                            self.weight, self.bias, self.stride, _triple(0),
                            self.dilation, self.groups)
        return F.conv3d(input, self.weight, self.bias, self.stride,
               ~~~~~~~~ <--- HERE
                        self.padding, self.dilation, self.groups)
RuntimeError: Given groups=1, weight of size [64, 3, 7, 7, 7], expected input[50, 6, 155, 229, 229] to have 3 channels, but got 6 channels instead


Set the environment variable HYDRA_FULL_ERROR=1 for a complete stack trace.
