

	..........::::::::::: Bosch Proxy4Server Access :::::::::::..........


	proxy_on  - activates the Bosch Proxy4Server for the current session.

	proxy_off - deactivates the Bosch Proxy4Server.


	..............................................................




	..........::::::::::: Bosch Proxy4Server Access :::::::::::..........


	proxy_on  - activates the Bosch Proxy4Server for the current session.

	proxy_off - deactivates the Bosch Proxy4Server.


	..............................................................


/home/che5pi/.conda/envs/iws/lib/python3.11/site-packages/hydra/_internal/defaults_list.py:251: UserWarning: In 'config': Defaults list is missing `_self_`. See https://hydra.cc/docs/1.2/upgrades/1.0_to_1.1/default_composition_order for more information
  warnings.warn(msg, UserWarning)
wandb: Using wandb-core as the SDK backend. Please refer to https://wandb.me/wandb-core for more information.
wandb: WARNING `resume` will be ignored since W&B syncing is set to `offline`. Starting a new run with run id nxrq3lb0.
wandb: Tracking run with wandb version 0.18.0
wandb: W&B syncing is set to `offline` in this directory.  
wandb: Run `wandb online` or set WANDB_MODE=online to enable cloud syncing.
/home/che5pi/.conda/envs/iws/lib/python3.11/site-packages/lightning/pytorch/callbacks/model_checkpoint.py:566: The dirpath has changed from '/home/che5pi/interactive_world_sim/outputs/2026-05-15/23-30-39/checkpoints' to '/home/che5pi/interactive_world_sim/outputs/2026-05-18/20-48-04/checkpoints', therefore `best_model_score`, `kth_best_model_path`, `kth_value`, `last_model_path` and `best_k_models` won't be reloaded. Only `best_model_path` will be reloaded.
LOCAL_RANK: 0 - CUDA_VISIBLE_DEVICES: [0]
/home/che5pi/.conda/envs/iws/lib/python3.11/site-packages/lightning/pytorch/utilities/model_summary/model_summary.py:242: Precision bf16-mixed is not supported by the model summary.  Estimated model size in MB will not be accurate. Using 32 bits instead.
/home/che5pi/.conda/envs/iws/lib/python3.11/site-packages/lightning/pytorch/loops/training_epoch_loop.py:224: You're resuming from a checkpoint that ended before the epoch ended and your dataloader is not resumable. This can cause unreliable results if further training is done. Consider using an end-of-epoch checkpoint or make your dataloader resumable by implementing the `state_dict` / `load_state_dict` interface.
/home/che5pi/.conda/envs/iws/lib/python3.11/site-packages/imageio_ffmpeg/_utils.py:5: UserWarning: pkg_resources is deprecated as an API. See https://setuptools.pypa.io/en/latest/pkg_resources.html. The pkg_resources package is slated for removal as early as 2025-11-30. Refrain from using this package or pin to Setuptools<81.
  from pkg_resources import resource_filename
Failed to create secure directory (/run/user/106081/pulse): No such file or directory
ALSA lib dlmisc.c:339:(snd_dlobj_cache_get0) [error.core] Cannot open shared library libasound_module_pcm_pipewire.so (/home/che5pi/.conda/envs/iws/lib/alsa-lib/libasound_module_pcm_pipewire.so: cannot open shared object file: No such file or directory)
Failed to create secure directory (/run/user/106081/pulse): No such file or directory
ALSA lib dlmisc.c:339:(snd_dlobj_cache_get0) [error.core] Cannot open shared library libasound_module_pcm_pipewire.so (/home/che5pi/.conda/envs/iws/lib/alsa-lib/libasound_module_pcm_pipewire.so: cannot open shared object file: No such file or directory)
User defined signal 2
